// Vitest Snapshot v1, https://vitest.dev/guide/snapshot.html

exports[`should render Menu component 1`] = `
{
  "asFragment": [Function],
  "baseElement": <body>
    <div>
      <div
        class="row g-0"
      >
        <div
          class="col-md-12"
        >
          <div
            class="MuiBottomNavigation-root css-7ax0nd-MuiBottomNavigation-root"
          >
            <button
              class="MuiButtonBase-root MuiBottomNavigationAction-root css-1scjuq2-MuiButtonBase-root-MuiBottomNavigationAction-root"
              tabindex="0"
              type="button"
            >
              <svg
                aria-hidden="true"
                class="MuiSvgIcon-root MuiSvgIcon-fontSizeMedium css-1umw9bq-MuiSvgIcon-root"
                data-testid="HistoryIcon"
                focusable="false"
                viewBox="0 0 24 24"
              >
                <path
                  d="M13 3c-4.97 0-9 4.03-9 9H1l3.89 3.89.07.14L9 12H6c0-3.87 3.13-7 7-7s7 3.13 7 7-3.13 7-7 7c-1.93 0-3.68-.79-4.94-2.06l-1.42 1.42C8.27 19.99 10.51 21 13 21c4.97 0 9-4.03 9-9s-4.03-9-9-9m-1 5v5l4.28 2.54.72-1.21-3.5-2.08V8z"
                />
              </svg>
              <span
                class="MuiBottomNavigationAction-label css-1kcvi62-MuiBottomNavigationAction-label"
              >
                History
              </span>
            </button>
            <button
              class="MuiButtonBase-root MuiBottomNavigationAction-root css-1scjuq2-MuiButtonBase-root-MuiBottomNavigationAction-root"
              tabindex="0"
              type="button"
            >
              <svg
                aria-hidden="true"
                class="MuiSvgIcon-root MuiSvgIcon-fontSizeMedium css-1umw9bq-MuiSvgIcon-root"
                data-testid="ListIcon"
                focusable="false"
                viewBox="0 0 24 24"
              >
                <path
                  d="M3 13h2v-2H3zm0 4h2v-2H3zm0-8h2V7H3zm4 4h14v-2H7zm0 4h14v-2H7zM7 7v2h14V7z"
                />
              </svg>
              <span
                class="MuiBottomNavigationAction-label css-1kcvi62-MuiBottomNavigationAction-label"
              >
                Suggestions
              </span>
            </button>
          </div>
        </div>
      </div>
    </div>
  </body>,
  "container": <div>
    <div
      class="row g-0"
    >
      <div
        class="col-md-12"
      >
        <div
          class="MuiBottomNavigation-root css-7ax0nd-MuiBottomNavigation-root"
        >
          <button
            class="MuiButtonBase-root MuiBottomNavigationAction-root css-1scjuq2-MuiButtonBase-root-MuiBottomNavigationAction-root"
            tabindex="0"
            type="button"
          >
            <svg
              aria-hidden="true"
              class="MuiSvgIcon-root MuiSvgIcon-fontSizeMedium css-1umw9bq-MuiSvgIcon-root"
              data-testid="HistoryIcon"
              focusable="false"
              viewBox="0 0 24 24"
            >
              <path
                d="M13 3c-4.97 0-9 4.03-9 9H1l3.89 3.89.07.14L9 12H6c0-3.87 3.13-7 7-7s7 3.13 7 7-3.13 7-7 7c-1.93 0-3.68-.79-4.94-2.06l-1.42 1.42C8.27 19.99 10.51 21 13 21c4.97 0 9-4.03 9-9s-4.03-9-9-9m-1 5v5l4.28 2.54.72-1.21-3.5-2.08V8z"
              />
            </svg>
            <span
              class="MuiBottomNavigationAction-label css-1kcvi62-MuiBottomNavigationAction-label"
            >
              History
            </span>
          </button>
          <button
            class="MuiButtonBase-root MuiBottomNavigationAction-root css-1scjuq2-MuiButtonBase-root-MuiBottomNavigationAction-root"
            tabindex="0"
            type="button"
          >
            <svg
              aria-hidden="true"
              class="MuiSvgIcon-root MuiSvgIcon-fontSizeMedium css-1umw9bq-MuiSvgIcon-root"
              data-testid="ListIcon"
              focusable="false"
              viewBox="0 0 24 24"
            >
              <path
                d="M3 13h2v-2H3zm0 4h2v-2H3zm0-8h2V7H3zm4 4h14v-2H7zm0 4h14v-2H7zM7 7v2h14V7z"
              />
            </svg>
            <span
              class="MuiBottomNavigationAction-label css-1kcvi62-MuiBottomNavigationAction-label"
            >
              Suggestions
            </span>
          </button>
        </div>
      </div>
    </div>
  </div>,
  "debug": [Function],
  "findAllByAltText": [Function],
  "findAllByDisplayValue": [Function],
  "findAllByLabelText": [Function],
  "findAllByPlaceholderText": [Function],
  "findAllByRole": [Function],
  "findAllByTestId": [Function],
  "findAllByText": [Function],
  "findAllByTitle": [Function],
  "findByAltText": [Function],
  "findByDisplayValue": [Function],
  "findByLabelText": [Function],
  "findByPlaceholderText": [Function],
  "findByRole": [Function],
  "findByTestId": [Function],
  "findByText": [Function],
  "findByTitle": [Function],
  "getAllByAltText": [Function],
  "getAllByDisplayValue": [Function],
  "getAllByLabelText": [Function],
  "getAllByPlaceholderText": [Function],
  "getAllByRole": [Function],
  "getAllByTestId": [Function],
  "getAllByText": [Function],
  "getAllByTitle": [Function],
  "getByAltText": [Function],
  "getByDisplayValue": [Function],
  "getByLabelText": [Function],
  "getByPlaceholderText": [Function],
  "getByRole": [Function],
  "getByTestId": [Function],
  "getByText": [Function],
  "getByTitle": [Function],
  "queryAllByAltText": [Function],
  "queryAllByDisplayValue": [Function],
  "queryAllByLabelText": [Function],
  "queryAllByPlaceholderText": [Function],
  "queryAllByRole": [Function],
  "queryAllByTestId": [Function],
  "queryAllByText": [Function],
  "queryAllByTitle": [Function],
  "queryByAltText": [Function],
  "queryByDisplayValue": [Function],
  "queryByLabelText": [Function],
  "queryByPlaceholderText": [Function],
  "queryByRole": [Function],
  "queryByTestId": [Function],
  "queryByText": [Function],
  "queryByTitle": [Function],
  "rerender": [Function],
  "unmount": [Function],
}
`;
